[debug] [2025-06-01T19:19:40.508Z] ----------------------------------------------------------------------
[debug] [2025-06-01T19:19:40.510Z] Command:       C:\Program Files\nodejs\node.exe C:\Users\LENOVO\AppData\Roaming\npm\node_modules\firebase-tools\lib\bin\firebase.js deploy --only functions
[debug] [2025-06-01T19:19:40.511Z] CLI Version:   14.5.1
[debug] [2025-06-01T19:19:40.511Z] Platform:      win32
[debug] [2025-06-01T19:19:40.511Z] Node Version:  v20.12.1
[debug] [2025-06-01T19:19:40.511Z] Time:          Sun Jun 01 2025 23:19:40 GMT+0400 (Armenia Standard Time)
[debug] [2025-06-01T19:19:40.511Z] ----------------------------------------------------------------------
[debug] 
[debug] [2025-06-01T19:19:40.691Z] > command requires scopes: ["email","openid","https://www.googleapis.com/auth/cloudplatformprojects.readonly","https://www.googleapis.com/auth/firebase","https://www.googleapis.com/auth/cloud-platform"]
[debug] [2025-06-01T19:19:40.692Z] > authorizing via signed-in user (tarverdyan070@gmail.com)
[debug] [2025-06-01T19:19:40.692Z] [iam] checking project spectra-2e65a for permissions ["cloudfunctions.functions.create","cloudfunctions.functions.delete","cloudfunctions.functions.get","cloudfunctions.functions.list","cloudfunctions.functions.update","cloudfunctions.operations.get","firebase.projects.get"]
[debug] [2025-06-01T19:19:40.693Z] Checked if tokens are valid: true, expires at: 1748807612206
[debug] [2025-06-01T19:19:40.693Z] Checked if tokens are valid: true, expires at: 1748807612206
[debug] [2025-06-01T19:19:40.694Z] >>> [apiv2][query] POST https://cloudresourcemanager.googleapis.com/v1/projects/spectra-2e65a:testIamPermissions [none]
[debug] [2025-06-01T19:19:40.694Z] >>> [apiv2][(partial)header] POST https://cloudresourcemanager.googleapis.com/v1/projects/spectra-2e65a:testIamPermissions x-goog-quota-user=projects/spectra-2e65a
[debug] [2025-06-01T19:19:40.694Z] >>> [apiv2][body] POST https://cloudresourcemanager.googleapis.com/v1/projects/spectra-2e65a:testIamPermissions {"permissions":["cloudfunctions.functions.create","cloudfunctions.functions.delete","cloudfunctions.functions.get","cloudfunctions.functions.list","cloudfunctions.functions.update","cloudfunctions.operations.get","firebase.projects.get"]}
[debug] [2025-06-01T19:19:42.078Z] <<< [apiv2][status] POST https://cloudresourcemanager.googleapis.com/v1/projects/spectra-2e65a:testIamPermissions 200
[debug] [2025-06-01T19:19:42.078Z] <<< [apiv2][body] POST https://cloudresourcemanager.googleapis.com/v1/projects/spectra-2e65a:testIamPermissions {"permissions":["cloudfunctions.functions.create","cloudfunctions.functions.delete","cloudfunctions.functions.get","cloudfunctions.functions.list","cloudfunctions.functions.update","cloudfunctions.operations.get","firebase.projects.get"]}
[debug] [2025-06-01T19:19:42.079Z] Checked if tokens are valid: true, expires at: 1748807612206
[debug] [2025-06-01T19:19:42.079Z] Checked if tokens are valid: true, expires at: 1748807612206
[debug] [2025-06-01T19:19:42.079Z] >>> [apiv2][query] POST https://iam.googleapis.com/v1/projects/spectra-2e65a/serviceAccounts/spectra-2e65a@appspot.gserviceaccount.com:testIamPermissions [none]
[debug] [2025-06-01T19:19:42.079Z] >>> [apiv2][body] POST https://iam.googleapis.com/v1/projects/spectra-2e65a/serviceAccounts/spectra-2e65a@appspot.gserviceaccount.com:testIamPermissions {"permissions":["iam.serviceAccounts.actAs"]}
[debug] [2025-06-01T19:19:43.136Z] <<< [apiv2][status] POST https://iam.googleapis.com/v1/projects/spectra-2e65a/serviceAccounts/spectra-2e65a@appspot.gserviceaccount.com:testIamPermissions 200
[debug] [2025-06-01T19:19:43.136Z] <<< [apiv2][body] POST https://iam.googleapis.com/v1/projects/spectra-2e65a/serviceAccounts/spectra-2e65a@appspot.gserviceaccount.com:testIamPermissions {"permissions":["iam.serviceAccounts.actAs"]}
[info] 
[info] === Deploying to 'spectra-2e65a'...
[info] 
[info] i  deploying functions 
[debug] [2025-06-01T19:19:43.141Z] Checked if tokens are valid: true, expires at: 1748807612206
[debug] [2025-06-01T19:19:43.141Z] Checked if tokens are valid: true, expires at: 1748807612206
[debug] [2025-06-01T19:19:43.141Z] >>> [apiv2][query] GET https://serviceusage.googleapis.com/v1/projects/spectra-2e65a/services/cloudresourcemanager.googleapis.com [none]
[debug] [2025-06-01T19:19:43.142Z] >>> [apiv2][(partial)header] GET https://serviceusage.googleapis.com/v1/projects/spectra-2e65a/services/cloudresourcemanager.googleapis.com x-goog-quota-user=projects/spectra-2e65a
[debug] [2025-06-01T19:19:44.414Z] <<< [apiv2][status] GET https://serviceusage.googleapis.com/v1/projects/spectra-2e65a/services/cloudresourcemanager.googleapis.com 200
[debug] [2025-06-01T19:19:44.414Z] <<< [apiv2][body] GET https://serviceusage.googleapis.com/v1/projects/spectra-2e65a/services/cloudresourcemanager.googleapis.com [omitted]
[debug] [2025-06-01T19:19:44.415Z] Checked if tokens are valid: true, expires at: 1748807612206
[debug] [2025-06-01T19:19:44.415Z] Checked if tokens are valid: true, expires at: 1748807612206
[debug] [2025-06-01T19:19:44.415Z] >>> [apiv2][query] GET https://cloudresourcemanager.googleapis.com/v1/projects/spectra-2e65a [none]
[debug] [2025-06-01T19:19:44.697Z] <<< [apiv2][status] GET https://cloudresourcemanager.googleapis.com/v1/projects/spectra-2e65a 200
[debug] [2025-06-01T19:19:44.697Z] <<< [apiv2][body] GET https://cloudresourcemanager.googleapis.com/v1/projects/spectra-2e65a {"projectNumber":"1051644534099","projectId":"spectra-2e65a","lifecycleState":"ACTIVE","name":"Spectra","labels":{"firebase":"enabled","firebase-core":"disabled"},"createTime":"2025-05-25T20:27:03.282992Z"}
[info] i  functions: preparing codebase default for deployment 
[info] i  functions: ensuring required API cloudfunctions.googleapis.com is enabled... 
[debug] [2025-06-01T19:19:44.699Z] Checked if tokens are valid: true, expires at: 1748807612206
[debug] [2025-06-01T19:19:44.699Z] Checked if tokens are valid: true, expires at: 1748807612206
[debug] [2025-06-01T19:19:44.700Z] Checked if tokens are valid: true, expires at: 1748807612206
[debug] [2025-06-01T19:19:44.700Z] Checked if tokens are valid: true, expires at: 1748807612206
[info] i  functions: ensuring required API cloudbuild.googleapis.com is enabled... 
[debug] [2025-06-01T19:19:44.700Z] Checked if tokens are valid: true, expires at: 1748807612206
[debug] [2025-06-01T19:19:44.700Z] Checked if tokens are valid: true, expires at: 1748807612206
[info] i  artifactregistry: ensuring required API artifactregistry.googleapis.com is enabled... 
[debug] [2025-06-01T19:19:44.701Z] Checked if tokens are valid: true, expires at: 1748807612206
[debug] [2025-06-01T19:19:44.701Z] Checked if tokens are valid: true, expires at: 1748807612206
[debug] [2025-06-01T19:19:44.701Z] >>> [apiv2][query] GET https://serviceusage.googleapis.com/v1/projects/spectra-2e65a/services/cloudfunctions.googleapis.com [none]
[debug] [2025-06-01T19:19:44.701Z] >>> [apiv2][(partial)header] GET https://serviceusage.googleapis.com/v1/projects/spectra-2e65a/services/cloudfunctions.googleapis.com x-goog-quota-user=projects/spectra-2e65a
[debug] [2025-06-01T19:19:44.702Z] >>> [apiv2][query] GET https://serviceusage.googleapis.com/v1/projects/spectra-2e65a/services/runtimeconfig.googleapis.com [none]
[debug] [2025-06-01T19:19:44.702Z] >>> [apiv2][(partial)header] GET https://serviceusage.googleapis.com/v1/projects/spectra-2e65a/services/runtimeconfig.googleapis.com x-goog-quota-user=projects/spectra-2e65a
[debug] [2025-06-01T19:19:44.704Z] >>> [apiv2][query] GET https://serviceusage.googleapis.com/v1/projects/spectra-2e65a/services/cloudbuild.googleapis.com [none]
[debug] [2025-06-01T19:19:44.704Z] >>> [apiv2][(partial)header] GET https://serviceusage.googleapis.com/v1/projects/spectra-2e65a/services/cloudbuild.googleapis.com x-goog-quota-user=projects/spectra-2e65a
[debug] [2025-06-01T19:19:44.706Z] >>> [apiv2][query] GET https://serviceusage.googleapis.com/v1/projects/spectra-2e65a/services/artifactregistry.googleapis.com [none]
[debug] [2025-06-01T19:19:44.706Z] >>> [apiv2][(partial)header] GET https://serviceusage.googleapis.com/v1/projects/spectra-2e65a/services/artifactregistry.googleapis.com x-goog-quota-user=projects/spectra-2e65a
[debug] [2025-06-01T19:19:45.836Z] <<< [apiv2][status] GET https://serviceusage.googleapis.com/v1/projects/spectra-2e65a/services/cloudfunctions.googleapis.com 200
[debug] [2025-06-01T19:19:45.837Z] <<< [apiv2][body] GET https://serviceusage.googleapis.com/v1/projects/spectra-2e65a/services/cloudfunctions.googleapis.com [omitted]
[info] +  functions: required API cloudfunctions.googleapis.com is enabled 
[debug] [2025-06-01T19:19:45.937Z] <<< [apiv2][status] GET https://serviceusage.googleapis.com/v1/projects/spectra-2e65a/services/artifactregistry.googleapis.com 200
[debug] [2025-06-01T19:19:45.938Z] <<< [apiv2][body] GET https://serviceusage.googleapis.com/v1/projects/spectra-2e65a/services/artifactregistry.googleapis.com [omitted]
[info] +  artifactregistry: required API artifactregistry.googleapis.com is enabled 
[debug] [2025-06-01T19:19:45.948Z] <<< [apiv2][status] GET https://serviceusage.googleapis.com/v1/projects/spectra-2e65a/services/runtimeconfig.googleapis.com 200
[debug] [2025-06-01T19:19:45.948Z] <<< [apiv2][body] GET https://serviceusage.googleapis.com/v1/projects/spectra-2e65a/services/runtimeconfig.googleapis.com [omitted]
[debug] [2025-06-01T19:19:45.949Z] <<< [apiv2][status] GET https://serviceusage.googleapis.com/v1/projects/spectra-2e65a/services/cloudbuild.googleapis.com 200
[debug] [2025-06-01T19:19:45.949Z] <<< [apiv2][body] GET https://serviceusage.googleapis.com/v1/projects/spectra-2e65a/services/cloudbuild.googleapis.com [omitted]
[info] +  functions: required API cloudbuild.googleapis.com is enabled 
[debug] [2025-06-01T19:19:45.950Z] Checked if tokens are valid: true, expires at: 1748807612206
[debug] [2025-06-01T19:19:45.950Z] Checked if tokens are valid: true, expires at: 1748807612206
[debug] [2025-06-01T19:19:45.950Z] >>> [apiv2][query] GET https://firebase.googleapis.com/v1beta1/projects/spectra-2e65a/adminSdkConfig [none]
[debug] [2025-06-01T19:19:46.446Z] <<< [apiv2][status] GET https://firebase.googleapis.com/v1beta1/projects/spectra-2e65a/adminSdkConfig 200
[debug] [2025-06-01T19:19:46.446Z] <<< [apiv2][body] GET https://firebase.googleapis.com/v1beta1/projects/spectra-2e65a/adminSdkConfig {"projectId":"spectra-2e65a","storageBucket":"spectra-2e65a.firebasestorage.app"}
[debug] [2025-06-01T19:19:46.447Z] Checked if tokens are valid: true, expires at: 1748807612206
[debug] [2025-06-01T19:19:46.447Z] Checked if tokens are valid: true, expires at: 1748807612206
[debug] [2025-06-01T19:19:46.447Z] >>> [apiv2][query] GET https://runtimeconfig.googleapis.com/v1beta1/projects/spectra-2e65a/configs [none]
[debug] [2025-06-01T19:19:46.937Z] <<< [apiv2][status] GET https://runtimeconfig.googleapis.com/v1beta1/projects/spectra-2e65a/configs 200
[debug] [2025-06-01T19:19:46.937Z] <<< [apiv2][body] GET https://runtimeconfig.googleapis.com/v1beta1/projects/spectra-2e65a/configs {}
[debug] [2025-06-01T19:19:46.941Z] Validating nodejs source
[warn] !  functions: Runtime Node.js 18 was deprecated on 2025-04-30 and will be decommissioned on 2025-10-30, after which you will not be able to deploy without upgrading. Consider upgrading now to avoid disruption. See https://cloud.google.com/functions/docs/runtime-support for full details on the lifecycle policy 
[debug] [2025-06-01T19:19:48.992Z] > [functions] package.json contents: {
  "name": "functions",
  "engines": {
    "node": "18"
  },
  "main": "dist/index.js",
  "scripts": {
    "build": "tsc",
    "serve": "firebase emulators:start --only functions",
    "deploy": "firebase deploy --only functions",
    "lint": "eslint .",
    "watch": "tsc --watch"
  },
  "dependencies": {
    "firebase-admin": "^11.10.1",
    "firebase-functions": "^4.4.1",
    "nodemailer": "^7.0.3"
  },
  "devDependencies": {
    "typescript": "^5.3.3",
    "@types/node": "^20.3.1",
    "@types/nodemailer": "^6.4.8"
  }
}
[debug] [2025-06-01T19:19:48.993Z] Building nodejs source
[info] i  functions: Loading and analyzing source code for codebase default to determine what to deploy 
[debug] [2025-06-01T19:19:48.997Z] Could not find functions.yaml. Must use http discovery
[debug] [2025-06-01T19:19:49.012Z] Found firebase-functions binary at 'C:\Users\LENOVO\Desktop\My-Projects-TypeScript\functions\node_modules\.bin\firebase-functions'
[info] Serving at port 8469

[debug] [2025-06-01T19:19:49.633Z] Got response from /__/functions.yaml {"endpoints":{"sendMailOnBooking":{"availableMemoryMb":null,"timeoutSeconds":null,"minInstances":null,"maxInstances":null,"ingressSettings":null,"concurrency":null,"serviceAccountEmail":null,"vpc":null,"platform":"gcfv2","labels":{},"eventTrigger":{"eventType":"google.cloud.firestore.document.v1.created","eventFilters":{"database":"(default)","namespace":"(default)"},"eventFilterPathPatterns":{"document":"bookings/{bookingId}"},"retry":false},"entryPoint":"sendMailOnBooking"}},"specVersion":"v1alpha1","requiredAPIs":[],"extensions":{}}
[info] i  extensions: ensuring required API firebaseextensions.googleapis.com is enabled... 
[debug] [2025-06-01T19:19:54.691Z] Checked if tokens are valid: true, expires at: 1748807612206
[debug] [2025-06-01T19:19:54.691Z] Checked if tokens are valid: true, expires at: 1748807612206
[debug] [2025-06-01T19:19:54.691Z] >>> [apiv2][query] GET https://serviceusage.googleapis.com/v1/projects/spectra-2e65a/services/firebaseextensions.googleapis.com [none]
[debug] [2025-06-01T19:19:54.691Z] >>> [apiv2][(partial)header] GET https://serviceusage.googleapis.com/v1/projects/spectra-2e65a/services/firebaseextensions.googleapis.com x-goog-quota-user=projects/spectra-2e65a
[debug] [2025-06-01T19:19:55.904Z] <<< [apiv2][status] GET https://serviceusage.googleapis.com/v1/projects/spectra-2e65a/services/firebaseextensions.googleapis.com 200
[debug] [2025-06-01T19:19:55.904Z] <<< [apiv2][body] GET https://serviceusage.googleapis.com/v1/projects/spectra-2e65a/services/firebaseextensions.googleapis.com [omitted]
[info] +  extensions: required API firebaseextensions.googleapis.com is enabled 
[debug] [2025-06-01T19:19:55.904Z] > command requires scopes: ["email","openid","https://www.googleapis.com/auth/cloudplatformprojects.readonly","https://www.googleapis.com/auth/firebase","https://www.googleapis.com/auth/cloud-platform"]
[debug] [2025-06-01T19:19:55.905Z] > authorizing via signed-in user (tarverdyan070@gmail.com)
[debug] [2025-06-01T19:19:55.905Z] [iam] checking project spectra-2e65a for permissions ["firebase.projects.get","firebaseextensions.instances.list"]
[debug] [2025-06-01T19:19:55.906Z] Checked if tokens are valid: true, expires at: 1748807612206
[debug] [2025-06-01T19:19:55.906Z] Checked if tokens are valid: true, expires at: 1748807612206
[debug] [2025-06-01T19:19:55.906Z] >>> [apiv2][query] POST https://cloudresourcemanager.googleapis.com/v1/projects/spectra-2e65a:testIamPermissions [none]
[debug] [2025-06-01T19:19:55.906Z] >>> [apiv2][(partial)header] POST https://cloudresourcemanager.googleapis.com/v1/projects/spectra-2e65a:testIamPermissions x-goog-quota-user=projects/spectra-2e65a
[debug] [2025-06-01T19:19:55.906Z] >>> [apiv2][body] POST https://cloudresourcemanager.googleapis.com/v1/projects/spectra-2e65a:testIamPermissions {"permissions":["firebase.projects.get","firebaseextensions.instances.list"]}
[debug] [2025-06-01T19:19:56.957Z] <<< [apiv2][status] POST https://cloudresourcemanager.googleapis.com/v1/projects/spectra-2e65a:testIamPermissions 200
[debug] [2025-06-01T19:19:56.957Z] <<< [apiv2][body] POST https://cloudresourcemanager.googleapis.com/v1/projects/spectra-2e65a:testIamPermissions {"permissions":["firebase.projects.get","firebaseextensions.instances.list"]}
[debug] [2025-06-01T19:19:56.958Z] Checked if tokens are valid: true, expires at: 1748807612206
[debug] [2025-06-01T19:19:56.958Z] Checked if tokens are valid: true, expires at: 1748807612206
[debug] [2025-06-01T19:19:56.959Z] >>> [apiv2][query] GET https://firebaseextensions.googleapis.com/v1beta/projects/spectra-2e65a/instances pageSize=100&pageToken=
[debug] [2025-06-01T19:19:58.146Z] <<< [apiv2][status] GET https://firebaseextensions.googleapis.com/v1beta/projects/spectra-2e65a/instances 200
[debug] [2025-06-01T19:19:58.147Z] <<< [apiv2][body] GET https://firebaseextensions.googleapis.com/v1beta/projects/spectra-2e65a/instances {}
[info] i  functions: preparing functions directory for uploading... 
[info] i  functions: packaged C:\Users\LENOVO\Desktop\My-Projects-TypeScript\functions (63.87 KB) for uploading 
[debug] [2025-06-01T19:19:58.217Z] Checked if tokens are valid: true, expires at: 1748807612206
[debug] [2025-06-01T19:19:58.217Z] Checked if tokens are valid: true, expires at: 1748807612206
[debug] [2025-06-01T19:19:58.217Z] >>> [apiv2][query] GET https://cloudfunctions.googleapis.com/v1/projects/spectra-2e65a/locations/-/functions [none]
[debug] [2025-06-01T19:19:59.337Z] <<< [apiv2][status] GET https://cloudfunctions.googleapis.com/v1/projects/spectra-2e65a/locations/-/functions 200
[debug] [2025-06-01T19:19:59.338Z] <<< [apiv2][body] GET https://cloudfunctions.googleapis.com/v1/projects/spectra-2e65a/locations/-/functions {}
[debug] [2025-06-01T19:19:59.338Z] Checked if tokens are valid: true, expires at: 1748807612206
[debug] [2025-06-01T19:19:59.338Z] Checked if tokens are valid: true, expires at: 1748807612206
[debug] [2025-06-01T19:19:59.339Z] >>> [apiv2][query] GET https://cloudfunctions.googleapis.com/v2/projects/spectra-2e65a/locations/-/functions filter=environment%3D%22GEN_2%22
[debug] [2025-06-01T19:20:00.823Z] <<< [apiv2][status] GET https://cloudfunctions.googleapis.com/v2/projects/spectra-2e65a/locations/-/functions 200
[debug] [2025-06-01T19:20:00.823Z] <<< [apiv2][body] GET https://cloudfunctions.googleapis.com/v2/projects/spectra-2e65a/locations/-/functions {}
[debug] [2025-06-01T19:20:00.824Z] Checked if tokens are valid: true, expires at: 1748807612206
[debug] [2025-06-01T19:20:00.824Z] Checked if tokens are valid: true, expires at: 1748807612206
[debug] [2025-06-01T19:20:00.824Z] >>> [apiv2][query] GET https://firestore.googleapis.com/v1/projects/spectra-2e65a/databases/(default) [none]
[debug] [2025-06-01T19:20:02.024Z] <<< [apiv2][status] GET https://firestore.googleapis.com/v1/projects/spectra-2e65a/databases/(default) 200
[debug] [2025-06-01T19:20:02.024Z] <<< [apiv2][body] GET https://firestore.googleapis.com/v1/projects/spectra-2e65a/databases/(default) {"name":"projects/spectra-2e65a/databases/(default)","uid":"0946d8c5-0651-475a-b495-d9e8e6586310","createTime":"2025-05-26T13:37:23.014947Z","updateTime":"2025-05-26T13:37:23.014947Z","locationId":"nam5","type":"FIRESTORE_NATIVE","concurrencyMode":"PESSIMISTIC","versionRetentionPeriod":"3600s","earliestVersionTime":"2025-06-01T18:20:02.640273Z","appEngineIntegrationMode":"DISABLED","keyPrefix":"s","pointInTimeRecoveryEnablement":"POINT_IN_TIME_RECOVERY_DISABLED","deleteProtectionState":"DELETE_PROTECTION_DISABLED","databaseEdition":"STANDARD","freeTier":true,"etag":"IN//58X40I0DMJCdzY6owY0D"}
[info] i  functions: ensuring required API run.googleapis.com is enabled... 
[debug] [2025-06-01T19:20:02.026Z] Checked if tokens are valid: true, expires at: 1748807612206
[debug] [2025-06-01T19:20:02.026Z] Checked if tokens are valid: true, expires at: 1748807612206
[info] i  functions: ensuring required API eventarc.googleapis.com is enabled... 
[debug] [2025-06-01T19:20:02.027Z] Checked if tokens are valid: true, expires at: 1748807612206
[debug] [2025-06-01T19:20:02.027Z] Checked if tokens are valid: true, expires at: 1748807612206
[info] i  functions: ensuring required API pubsub.googleapis.com is enabled... 
[debug] [2025-06-01T19:20:02.027Z] Checked if tokens are valid: true, expires at: 1748807612206
[debug] [2025-06-01T19:20:02.028Z] Checked if tokens are valid: true, expires at: 1748807612206
[info] i  functions: ensuring required API storage.googleapis.com is enabled... 
[debug] [2025-06-01T19:20:02.028Z] Checked if tokens are valid: true, expires at: 1748807612206
[debug] [2025-06-01T19:20:02.028Z] Checked if tokens are valid: true, expires at: 1748807612206
[debug] [2025-06-01T19:20:02.028Z] >>> [apiv2][query] GET https://serviceusage.googleapis.com/v1/projects/1051644534099/services/run.googleapis.com [none]
[debug] [2025-06-01T19:20:02.028Z] >>> [apiv2][(partial)header] GET https://serviceusage.googleapis.com/v1/projects/1051644534099/services/run.googleapis.com x-goog-quota-user=projects/1051644534099
[debug] [2025-06-01T19:20:02.031Z] >>> [apiv2][query] GET https://serviceusage.googleapis.com/v1/projects/1051644534099/services/eventarc.googleapis.com [none]
[debug] [2025-06-01T19:20:02.031Z] >>> [apiv2][(partial)header] GET https://serviceusage.googleapis.com/v1/projects/1051644534099/services/eventarc.googleapis.com x-goog-quota-user=projects/1051644534099
[debug] [2025-06-01T19:20:02.033Z] >>> [apiv2][query] GET https://serviceusage.googleapis.com/v1/projects/1051644534099/services/pubsub.googleapis.com [none]
[debug] [2025-06-01T19:20:02.034Z] >>> [apiv2][(partial)header] GET https://serviceusage.googleapis.com/v1/projects/1051644534099/services/pubsub.googleapis.com x-goog-quota-user=projects/1051644534099
[debug] [2025-06-01T19:20:02.037Z] >>> [apiv2][query] GET https://serviceusage.googleapis.com/v1/projects/1051644534099/services/storage.googleapis.com [none]
[debug] [2025-06-01T19:20:02.038Z] >>> [apiv2][(partial)header] GET https://serviceusage.googleapis.com/v1/projects/1051644534099/services/storage.googleapis.com x-goog-quota-user=projects/1051644534099
[debug] [2025-06-01T19:20:02.648Z] <<< [apiv2][status] GET https://serviceusage.googleapis.com/v1/projects/1051644534099/services/storage.googleapis.com 200
[debug] [2025-06-01T19:20:02.648Z] <<< [apiv2][body] GET https://serviceusage.googleapis.com/v1/projects/1051644534099/services/storage.googleapis.com [omitted]
[info] +  functions: required API storage.googleapis.com is enabled 
[debug] [2025-06-01T19:20:03.269Z] <<< [apiv2][status] GET https://serviceusage.googleapis.com/v1/projects/1051644534099/services/eventarc.googleapis.com 200
[debug] [2025-06-01T19:20:03.269Z] <<< [apiv2][body] GET https://serviceusage.googleapis.com/v1/projects/1051644534099/services/eventarc.googleapis.com [omitted]
[info] +  functions: required API eventarc.googleapis.com is enabled 
[debug] [2025-06-01T19:20:03.272Z] <<< [apiv2][status] GET https://serviceusage.googleapis.com/v1/projects/1051644534099/services/run.googleapis.com 200
[debug] [2025-06-01T19:20:03.272Z] <<< [apiv2][body] GET https://serviceusage.googleapis.com/v1/projects/1051644534099/services/run.googleapis.com [omitted]
[info] +  functions: required API run.googleapis.com is enabled 
[debug] [2025-06-01T19:20:03.294Z] <<< [apiv2][status] GET https://serviceusage.googleapis.com/v1/projects/1051644534099/services/pubsub.googleapis.com 200
[debug] [2025-06-01T19:20:03.294Z] <<< [apiv2][body] GET https://serviceusage.googleapis.com/v1/projects/1051644534099/services/pubsub.googleapis.com [omitted]
[info] +  functions: required API pubsub.googleapis.com is enabled 
[info] i  functions: generating the service identity for pubsub.googleapis.com... 
[debug] [2025-06-01T19:20:03.296Z] Checked if tokens are valid: true, expires at: 1748807612206
[debug] [2025-06-01T19:20:03.296Z] Checked if tokens are valid: true, expires at: 1748807612206
[info] i  functions: generating the service identity for eventarc.googleapis.com... 
[debug] [2025-06-01T19:20:03.297Z] Checked if tokens are valid: true, expires at: 1748807612206
[debug] [2025-06-01T19:20:03.297Z] Checked if tokens are valid: true, expires at: 1748807612206
[debug] [2025-06-01T19:20:03.297Z] >>> [apiv2][query] POST https://serviceusage.googleapis.com/v1beta1/projects/1051644534099/services/pubsub.googleapis.com:generateServiceIdentity [none]
[debug] [2025-06-01T19:20:03.298Z] >>> [apiv2][query] POST https://serviceusage.googleapis.com/v1beta1/projects/1051644534099/services/eventarc.googleapis.com:generateServiceIdentity [none]
[debug] [2025-06-01T19:20:04.407Z] <<< [apiv2][status] POST https://serviceusage.googleapis.com/v1beta1/projects/1051644534099/services/pubsub.googleapis.com:generateServiceIdentity 200
[debug] [2025-06-01T19:20:04.407Z] <<< [apiv2][body] POST https://serviceusage.googleapis.com/v1beta1/projects/1051644534099/services/pubsub.googleapis.com:generateServiceIdentity {"name":"operations/finished.DONE_OPERATION","done":true,"response":{"@type":"type.googleapis.com/google.api.serviceusage.v1beta1.ServiceIdentity","email":"service-1051644534099@gcp-sa-pubsub.iam.gserviceaccount.com","uniqueId":"102477649413781545338"}}
[debug] [2025-06-01T19:20:04.408Z] <<< [apiv2][status] POST https://serviceusage.googleapis.com/v1beta1/projects/1051644534099/services/eventarc.googleapis.com:generateServiceIdentity 200
[debug] [2025-06-01T19:20:04.408Z] <<< [apiv2][body] POST https://serviceusage.googleapis.com/v1beta1/projects/1051644534099/services/eventarc.googleapis.com:generateServiceIdentity {"name":"operations/finished.DONE_OPERATION","done":true,"response":{"@type":"type.googleapis.com/google.api.serviceusage.v1beta1.ServiceIdentity","email":"service-1051644534099@gcp-sa-eventarc.iam.gserviceaccount.com","uniqueId":"110903128455416139114"}}
[debug] [2025-06-01T19:20:04.411Z] Checked if tokens are valid: true, expires at: 1748807612206
[debug] [2025-06-01T19:20:04.411Z] Checked if tokens are valid: true, expires at: 1748807612206
[debug] [2025-06-01T19:20:04.411Z] >>> [apiv2][query] GET https://compute.googleapis.com/compute/v1/projects/1051644534099 [none]
[debug] [2025-06-01T19:20:04.830Z] <<< [apiv2][status] GET https://compute.googleapis.com/compute/v1/projects/1051644534099 403
[debug] [2025-06-01T19:20:04.830Z] <<< [apiv2][body] GET https://compute.googleapis.com/compute/v1/projects/1051644534099 {"error":{"code":403,"message":"Compute Engine API has not been used in project 1051644534099 before or it is disabled. Enable it by visiting https://console.developers.google.com/apis/api/compute.googleapis.com/overview?project=1051644534099 then retry. If you enabled this API recently, wait a few minutes for the action to propagate to our systems and retry.","errors":[{"message":"Compute Engine API has not been used in project 1051644534099 before or it is disabled. Enable it by visiting https://console.developers.google.com/apis/api/compute.googleapis.com/overview?project=1051644534099 then retry. If you enabled this API recently, wait a few minutes for the action to propagate to our systems and retry.","domain":"usageLimits","reason":"accessNotConfigured","extendedHelp":"https://console.developers.google.com"}],"status":"PERMISSION_DENIED","details":[{"@type":"type.googleapis.com/google.rpc.ErrorInfo","reason":"SERVICE_DISABLED","domain":"googleapis.com","metadata":{"activationUrl":"https://console.developers.google.com/apis/api/compute.googleapis.com/overview?project=1051644534099","containerInfo":"1051644534099","consumer":"projects/1051644534099","service":"compute.googleapis.com","serviceTitle":"Compute Engine API"}},{"@type":"type.googleapis.com/google.rpc.LocalizedMessage","locale":"en-US","message":"Compute Engine API has not been used in project 1051644534099 before or it is disabled. Enable it by visiting https://console.developers.google.com/apis/api/compute.googleapis.com/overview?project=1051644534099 then retry. If you enabled this API recently, wait a few minutes for the action to propagate to our systems and retry."},{"@type":"type.googleapis.com/google.rpc.Help","links":[{"description":"Google developers console API activation","url":"https://console.developers.google.com/apis/api/compute.googleapis.com/overview?project=1051644534099"}]}]}}
[debug] [2025-06-01T19:20:04.831Z] unable to look up default compute service account. Falling back to 1051644534099-compute@developer.gserviceaccount.com. Error: {"name":"FirebaseError","children":[],"context":{"body":{"error":{"code":403,"message":"Compute Engine API has not been used in project 1051644534099 before or it is disabled. Enable it by visiting https://console.developers.google.com/apis/api/compute.googleapis.com/overview?project=1051644534099 then retry. If you enabled this API recently, wait a few minutes for the action to propagate to our systems and retry.","errors":[{"message":"Compute Engine API has not been used in project 1051644534099 before or it is disabled. Enable it by visiting https://console.developers.google.com/apis/api/compute.googleapis.com/overview?project=1051644534099 then retry. If you enabled this API recently, wait a few minutes for the action to propagate to our systems and retry.","domain":"usageLimits","reason":"accessNotConfigured","extendedHelp":"https://console.developers.google.com"}],"status":"PERMISSION_DENIED","details":[{"@type":"type.googleapis.com/google.rpc.ErrorInfo","reason":"SERVICE_DISABLED","domain":"googleapis.com","metadata":{"activationUrl":"https://console.developers.google.com/apis/api/compute.googleapis.com/overview?project=1051644534099","containerInfo":"1051644534099","consumer":"projects/1051644534099","service":"compute.googleapis.com","serviceTitle":"Compute Engine API"}},{"@type":"type.googleapis.com/google.rpc.LocalizedMessage","locale":"en-US","message":"Compute Engine API has not been used in project 1051644534099 before or it is disabled. Enable it by visiting https://console.developers.google.com/apis/api/compute.googleapis.com/overview?project=1051644534099 then retry. If you enabled this API recently, wait a few minutes for the action to propagate to our systems and retry."},{"@type":"type.googleapis.com/google.rpc.Help","links":[{"description":"Google developers console API activation","url":"https://console.developers.google.com/apis/api/compute.googleapis.com/overview?project=1051644534099"}]}]}},"response":{"statusCode":403}},"exit":1,"message":"Request to https://compute.googleapis.com/compute/v1/projects/1051644534099 had HTTP Error: 403, Compute Engine API has not been used in project 1051644534099 before or it is disabled. Enable it by visiting https://console.developers.google.com/apis/api/compute.googleapis.com/overview?project=1051644534099 then retry. If you enabled this API recently, wait a few minutes for the action to propagate to our systems and retry.","status":403}
[debug] [2025-06-01T19:20:04.831Z] Checked if tokens are valid: true, expires at: 1748807612206
[debug] [2025-06-01T19:20:04.831Z] Checked if tokens are valid: true, expires at: 1748807612206
[debug] [2025-06-01T19:20:04.832Z] >>> [apiv2][query] POST https://cloudresourcemanager.googleapis.com/v1/projects/1051644534099:getIamPolicy [none]
[debug] [2025-06-01T19:20:06.020Z] <<< [apiv2][status] POST https://cloudresourcemanager.googleapis.com/v1/projects/1051644534099:getIamPolicy 200
[debug] [2025-06-01T19:20:06.021Z] <<< [apiv2][body] POST https://cloudresourcemanager.googleapis.com/v1/projects/1051644534099:getIamPolicy {"version":1,"etag":"BwY2h3rNazM=","bindings":[{"role":"roles/artifactregistry.serviceAgent","members":["serviceAccount:service-1051644534099@gcp-sa-artifactregistry.iam.gserviceaccount.com"]},{"role":"roles/cloudbuild.builds.builder","members":["serviceAccount:1051644534099@cloudbuild.gserviceaccount.com"]},{"role":"roles/cloudbuild.builds.editor","members":["serviceAccount:1051644534099-compute@developer.gserviceaccount.com"]},{"role":"roles/cloudbuild.serviceAgent","members":["serviceAccount:service-1051644534099@gcp-sa-cloudbuild.iam.gserviceaccount.com"]},{"role":"roles/cloudfunctions.admin","members":["serviceAccount:1051644534099-compute@developer.gserviceaccount.com"]},{"role":"roles/cloudfunctions.serviceAgent","members":["serviceAccount:service-1051644534099@gcf-admin-robot.iam.gserviceaccount.com"]},{"role":"roles/containerregistry.ServiceAgent","members":["serviceAccount:service-1051644534099@containerregistry.iam.gserviceaccount.com"]},{"role":"roles/editor","members":["serviceAccount:1051644534099@cloudservices.gserviceaccount.com","serviceAccount:spectra-2e65a@appspot.gserviceaccount.com"]},{"role":"roles/eventarc.eventReceiver","members":["serviceAccount:1051644534099-compute@developer.gserviceaccount.com","serviceAccount:firebase-adminsdk-fbsvc@spectra-2e65a.iam.gserviceaccount.com"]},{"role":"roles/eventarc.serviceAgent","members":["serviceAccount:1051644534099-compute@developer.gserviceaccount.com","serviceAccount:service-1051644534099@gcp-sa-eventarc.iam.gserviceaccount.com"]},{"role":"roles/firebase.managementServiceAgent","members":["serviceAccount:service-1051644534099@gcp-sa-firebase.iam.gserviceaccount.com"]},{"role":"roles/firebase.sdkAdminServiceAgent","members":["serviceAccount:firebase-adminsdk-fbsvc@spectra-2e65a.iam.gserviceaccount.com"]},{"role":"roles/firebasemods.serviceAgent","members":["serviceAccount:service-1051644534099@gcp-sa-firebasemods.iam.gserviceaccount.com"]},{"role":"roles/firebaserules.system","members":["serviceAccount:service-1051644534099@firebase-rules.iam.gserviceaccount.com"]},{"role":"roles/firestore.serviceAgent","members":["serviceAccount:service-1051644534099@gcp-sa-firestore.iam.gserviceaccount.com"]},{"role":"roles/iam.serviceAccountTokenCreator","members":["serviceAccount:firebase-adminsdk-fbsvc@spectra-2e65a.iam.gserviceaccount.com","serviceAccount:service-1051644534099@gcp-sa-pubsub.iam.gserviceaccount.com"]},{"role":"roles/iam.serviceAccountUser","members":["serviceAccount:1051644534099-compute@developer.gserviceaccount.com"]},{"role":"roles/owner","members":["user:tarverdyan070@gmail.com"]},{"role":"roles/run.invoker","members":["serviceAccount:1051644534099-compute@developer.gserviceaccount.com"]},{"role":"roles/run.serviceAgent","members":["serviceAccount:service-1051644534099@serverless-robot-prod.iam.gserviceaccount.com"]}]}
[debug] [2025-06-01T19:20:06.022Z] Checked if tokens are valid: true, expires at: 1748807612206
[debug] [2025-06-01T19:20:06.022Z] Checked if tokens are valid: true, expires at: 1748807612206
[debug] [2025-06-01T19:20:06.022Z] >>> [apiv2][query] GET https://serviceusage.googleapis.com/v1/projects/spectra-2e65a/services/cloudresourcemanager.googleapis.com [none]
[debug] [2025-06-01T19:20:06.022Z] >>> [apiv2][(partial)header] GET https://serviceusage.googleapis.com/v1/projects/spectra-2e65a/services/cloudresourcemanager.googleapis.com x-goog-quota-user=projects/spectra-2e65a
[debug] [2025-06-01T19:20:06.464Z] <<< [apiv2][status] GET https://serviceusage.googleapis.com/v1/projects/spectra-2e65a/services/cloudresourcemanager.googleapis.com 200
[debug] [2025-06-01T19:20:06.464Z] <<< [apiv2][body] GET https://serviceusage.googleapis.com/v1/projects/spectra-2e65a/services/cloudresourcemanager.googleapis.com [omitted]
[debug] [2025-06-01T19:20:06.465Z] Checked if tokens are valid: true, expires at: 1748807612206
[debug] [2025-06-01T19:20:06.465Z] Checked if tokens are valid: true, expires at: 1748807612206
[debug] [2025-06-01T19:20:06.465Z] >>> [apiv2][query] GET https://cloudresourcemanager.googleapis.com/v1/projects/spectra-2e65a [none]
[debug] [2025-06-01T19:20:06.748Z] <<< [apiv2][status] GET https://cloudresourcemanager.googleapis.com/v1/projects/spectra-2e65a 200
[debug] [2025-06-01T19:20:06.749Z] <<< [apiv2][body] GET https://cloudresourcemanager.googleapis.com/v1/projects/spectra-2e65a {"projectNumber":"1051644534099","projectId":"spectra-2e65a","lifecycleState":"ACTIVE","name":"Spectra","labels":{"firebase":"enabled","firebase-core":"disabled"},"createTime":"2025-05-25T20:27:03.282992Z"}
[debug] [2025-06-01T19:20:06.749Z] Checked if tokens are valid: true, expires at: 1748807612206
[debug] [2025-06-01T19:20:06.749Z] Checked if tokens are valid: true, expires at: 1748807612206
[debug] [2025-06-01T19:20:06.749Z] >>> [apiv2][query] GET https://compute.googleapis.com/compute/v1/projects/1051644534099 [none]
[debug] [2025-06-01T19:20:06.977Z] <<< [apiv2][status] GET https://compute.googleapis.com/compute/v1/projects/1051644534099 403
[debug] [2025-06-01T19:20:06.978Z] <<< [apiv2][body] GET https://compute.googleapis.com/compute/v1/projects/1051644534099 {"error":{"code":403,"message":"Compute Engine API has not been used in project 1051644534099 before or it is disabled. Enable it by visiting https://console.developers.google.com/apis/api/compute.googleapis.com/overview?project=1051644534099 then retry. If you enabled this API recently, wait a few minutes for the action to propagate to our systems and retry.","errors":[{"message":"Compute Engine API has not been used in project 1051644534099 before or it is disabled. Enable it by visiting https://console.developers.google.com/apis/api/compute.googleapis.com/overview?project=1051644534099 then retry. If you enabled this API recently, wait a few minutes for the action to propagate to our systems and retry.","domain":"usageLimits","reason":"accessNotConfigured","extendedHelp":"https://console.developers.google.com"}],"status":"PERMISSION_DENIED","details":[{"@type":"type.googleapis.com/google.rpc.ErrorInfo","reason":"SERVICE_DISABLED","domain":"googleapis.com","metadata":{"serviceTitle":"Compute Engine API","service":"compute.googleapis.com","activationUrl":"https://console.developers.google.com/apis/api/compute.googleapis.com/overview?project=1051644534099","containerInfo":"1051644534099","consumer":"projects/1051644534099"}},{"@type":"type.googleapis.com/google.rpc.LocalizedMessage","locale":"en-US","message":"Compute Engine API has not been used in project 1051644534099 before or it is disabled. Enable it by visiting https://console.developers.google.com/apis/api/compute.googleapis.com/overview?project=1051644534099 then retry. If you enabled this API recently, wait a few minutes for the action to propagate to our systems and retry."},{"@type":"type.googleapis.com/google.rpc.Help","links":[{"description":"Google developers console API activation","url":"https://console.developers.google.com/apis/api/compute.googleapis.com/overview?project=1051644534099"}]}]}}
[debug] [2025-06-01T19:20:06.978Z] unable to look up default compute service account. Falling back to 1051644534099-compute@developer.gserviceaccount.com. Error: {"name":"FirebaseError","children":[],"context":{"body":{"error":{"code":403,"message":"Compute Engine API has not been used in project 1051644534099 before or it is disabled. Enable it by visiting https://console.developers.google.com/apis/api/compute.googleapis.com/overview?project=1051644534099 then retry. If you enabled this API recently, wait a few minutes for the action to propagate to our systems and retry.","errors":[{"message":"Compute Engine API has not been used in project 1051644534099 before or it is disabled. Enable it by visiting https://console.developers.google.com/apis/api/compute.googleapis.com/overview?project=1051644534099 then retry. If you enabled this API recently, wait a few minutes for the action to propagate to our systems and retry.","domain":"usageLimits","reason":"accessNotConfigured","extendedHelp":"https://console.developers.google.com"}],"status":"PERMISSION_DENIED","details":[{"@type":"type.googleapis.com/google.rpc.ErrorInfo","reason":"SERVICE_DISABLED","domain":"googleapis.com","metadata":{"serviceTitle":"Compute Engine API","service":"compute.googleapis.com","activationUrl":"https://console.developers.google.com/apis/api/compute.googleapis.com/overview?project=1051644534099","containerInfo":"1051644534099","consumer":"projects/1051644534099"}},{"@type":"type.googleapis.com/google.rpc.LocalizedMessage","locale":"en-US","message":"Compute Engine API has not been used in project 1051644534099 before or it is disabled. Enable it by visiting https://console.developers.google.com/apis/api/compute.googleapis.com/overview?project=1051644534099 then retry. If you enabled this API recently, wait a few minutes for the action to propagate to our systems and retry."},{"@type":"type.googleapis.com/google.rpc.Help","links":[{"description":"Google developers console API activation","url":"https://console.developers.google.com/apis/api/compute.googleapis.com/overview?project=1051644534099"}]}]}},"response":{"statusCode":403}},"exit":1,"message":"Request to https://compute.googleapis.com/compute/v1/projects/1051644534099 had HTTP Error: 403, Compute Engine API has not been used in project 1051644534099 before or it is disabled. Enable it by visiting https://console.developers.google.com/apis/api/compute.googleapis.com/overview?project=1051644534099 then retry. If you enabled this API recently, wait a few minutes for the action to propagate to our systems and retry.","status":403}
[debug] [2025-06-01T19:20:06.979Z] Checked if tokens are valid: true, expires at: 1748807612206
[debug] [2025-06-01T19:20:06.979Z] Checked if tokens are valid: true, expires at: 1748807612206
[debug] [2025-06-01T19:20:06.979Z] >>> [apiv2][query] GET https://cloudbilling.googleapis.com/v1/projects/spectra-2e65a/billingInfo [none]
[debug] [2025-06-01T19:20:07.911Z] <<< [apiv2][status] GET https://cloudbilling.googleapis.com/v1/projects/spectra-2e65a/billingInfo 200
[debug] [2025-06-01T19:20:07.912Z] <<< [apiv2][body] GET https://cloudbilling.googleapis.com/v1/projects/spectra-2e65a/billingInfo {"name":"projects/spectra-2e65a/billingInfo","projectId":"spectra-2e65a","billingAccountName":"billingAccounts/01412F-DFD628-F34491","billingEnabled":true}
[debug] [2025-06-01T19:20:07.913Z] Checked if tokens are valid: true, expires at: 1748807612206
[debug] [2025-06-01T19:20:07.914Z] Checked if tokens are valid: true, expires at: 1748807612206
[debug] [2025-06-01T19:20:07.914Z] >>> [apiv2][query] POST https://cloudfunctions.googleapis.com/v2/projects/spectra-2e65a/locations/us-central1/functions:generateUploadUrl [none]
[debug] [2025-06-01T19:20:08.976Z] <<< [apiv2][status] POST https://cloudfunctions.googleapis.com/v2/projects/spectra-2e65a/locations/us-central1/functions:generateUploadUrl 200
[debug] [2025-06-01T19:20:08.977Z] <<< [apiv2][body] POST https://cloudfunctions.googleapis.com/v2/projects/spectra-2e65a/locations/us-central1/functions:generateUploadUrl {"uploadUrl":"https://storage.googleapis.com/gcf-v2-uploads-1051644534099.us-central1.cloudfunctions.appspot.com/644a35fc-2bc6-4386-8b1b-a5bc5ad29ca4.zip?GoogleAccessId=service-1051644534099@gcf-admin-robot.iam.gserviceaccount.com&Expires=1748807409&Signature=3kB%2BnW1LmtLsc0oTDKcYNCnaVaZwDznw12Y%2FeiOCNWwoVCfbHK%2BNlvORYgirQtJn0T6%2BUPB8CW%2B2s3eD8PxmzzTnQ%2BYCb9gTKKgQ2Gmvzp3V4OdUJ02ilJnhE0LPYbVZuEKlO9m9mhG585iwbzZNVrsww6864UPO7YMfT1eE2P8YZgoS8jYsRQBHse4dXgVlZuMEoMyIrprbzWv0AcYd%2B6%2ByiRvDgx76B%2FqQxCfmnYXHFEmqar09SqDz7qSudY969wLUq9I2hDgCzbNr9mwvRyOtTJBAtziS5aemLOLph7oP2%2B5HlQb8S1CUwfkJbi2YnTqtHYxYEUZH%2BMNTF99b7g%3D%3D","storageSource":{"bucket":"gcf-v2-uploads-1051644534099.us-central1.cloudfunctions.appspot.com","object":"644a35fc-2bc6-4386-8b1b-a5bc5ad29ca4.zip"}}
[debug] [2025-06-01T19:20:08.978Z] >>> [apiv2][query] PUT https://storage.googleapis.com/gcf-v2-uploads-1051644534099.us-central1.cloudfunctions.appspot.com/644a35fc-2bc6-4386-8b1b-a5bc5ad29ca4.zip GoogleAccessId=service-1051644534099%40gcf-admin-robot.iam.gserviceaccount.com&Expires=1748807409&Signature=3kB%2BnW1LmtLsc0oTDKcYNCnaVaZwDznw12Y%2FeiOCNWwoVCfbHK%2BNlvORYgirQtJn0T6%2BUPB8CW%2B2s3eD8PxmzzTnQ%2BYCb9gTKKgQ2Gmvzp3V4OdUJ02ilJnhE0LPYbVZuEKlO9m9mhG585iwbzZNVrsww6864UPO7YMfT1eE2P8YZgoS8jYsRQBHse4dXgVlZuMEoMyIrprbzWv0AcYd%2B6%2ByiRvDgx76B%2FqQxCfmnYXHFEmqar09SqDz7qSudY969wLUq9I2hDgCzbNr9mwvRyOtTJBAtziS5aemLOLph7oP2%2B5HlQb8S1CUwfkJbi2YnTqtHYxYEUZH%2BMNTF99b7g%3D%3D
[debug] [2025-06-01T19:20:08.978Z] >>> [apiv2][body] PUT https://storage.googleapis.com/gcf-v2-uploads-1051644534099.us-central1.cloudfunctions.appspot.com/644a35fc-2bc6-4386-8b1b-a5bc5ad29ca4.zip [stream]
[debug] [2025-06-01T19:20:09.941Z] <<< [apiv2][status] PUT https://storage.googleapis.com/gcf-v2-uploads-1051644534099.us-central1.cloudfunctions.appspot.com/644a35fc-2bc6-4386-8b1b-a5bc5ad29ca4.zip 200
[debug] [2025-06-01T19:20:09.941Z] <<< [apiv2][body] PUT https://storage.googleapis.com/gcf-v2-uploads-1051644534099.us-central1.cloudfunctions.appspot.com/644a35fc-2bc6-4386-8b1b-a5bc5ad29ca4.zip [omitted]
[info] +  functions: functions folder uploaded successfully 
[info] i  functions: creating Node.js 18 (2nd Gen) function sendMailOnBooking(us-central1)... 
[debug] [2025-06-01T19:20:09.947Z] Checked if tokens are valid: true, expires at: 1748807612206
[debug] [2025-06-01T19:20:09.947Z] Checked if tokens are valid: true, expires at: 1748807612206
[debug] [2025-06-01T19:20:09.948Z] >>> [apiv2][query] POST https://cloudfunctions.googleapis.com/v2/projects/spectra-2e65a/locations/us-central1/functions functionId=sendMailOnBooking
[debug] [2025-06-01T19:20:09.948Z] >>> [apiv2][body] POST https://cloudfunctions.googleapis.com/v2/projects/spectra-2e65a/locations/us-central1/functions {"name":"projects/spectra-2e65a/locations/us-central1/functions/sendMailOnBooking","buildConfig":{"runtime":"nodejs18","entryPoint":"sendMailOnBooking","source":{"storageSource":{"bucket":"gcf-v2-uploads-1051644534099.us-central1.cloudfunctions.appspot.com","object":"644a35fc-2bc6-4386-8b1b-a5bc5ad29ca4.zip"}},"environmentVariables":{"GOOGLE_NODE_RUN_SCRIPTS":""}},"serviceConfig":{"environmentVariables":{"FIREBASE_CONFIG":"{\"projectId\":\"spectra-2e65a\",\"storageBucket\":\"spectra-2e65a.firebasestorage.app\"}","GCLOUD_PROJECT":"spectra-2e65a","EVENTARC_CLOUD_EVENT_SOURCE":"projects/spectra-2e65a/locations/us-central1/services/sendMailOnBooking","FUNCTION_SIGNATURE_TYPE":"cloudevent","FUNCTION_TARGET":"sendMailOnBooking","LOG_EXECUTION_ID":"true"},"ingressSettings":null,"timeoutSeconds":null,"serviceAccountEmail":null,"availableMemory":"256Mi","minInstanceCount":null,"maxInstanceCount":null,"maxInstanceRequestConcurrency":80,"availableCpu":"1","vpcConnector":null,"vpcConnectorEgressSettings":null},"labels":{"deployment-tool":"cli-firebase","firebase-functions-hash":"285b5c760d81bd4d8e5d4f7023b9b0a4ea8de0b1"},"eventTrigger":{"eventType":"google.cloud.firestore.document.v1.created","retryPolicy":"RETRY_POLICY_DO_NOT_RETRY","eventFilters":[{"attribute":"database","value":"(default)"},{"attribute":"namespace","value":"(default)"},{"attribute":"document","value":"bookings/{bookingId}","operator":"match-path-pattern"}],"triggerRegion":"nam5"}}
[debug] [2025-06-01T19:20:11.785Z] <<< [apiv2][status] POST https://cloudfunctions.googleapis.com/v2/projects/spectra-2e65a/locations/us-central1/functions 200
[debug] [2025-06-01T19:20:11.785Z] <<< [apiv2][body] POST https://cloudfunctions.googleapis.com/v2/projects/spectra-2e65a/locations/us-central1/functions {"name":"projects/spectra-2e65a/locations/us-central1/operations/operation-1748805611368-63687893f2e8d-d44737d8-ed5125e8","metadata":{"@type":"type.googleapis.com/google.cloud.functions.v2.OperationMetadata","createTime":"2025-06-01T19:20:12.376526902Z","target":"projects/spectra-2e65a/locations/us-central1/functions/sendMailOnBooking","verb":"create","cancelRequested":false,"apiVersion":"v2"},"done":false}
[debug] [2025-06-01T19:20:11.786Z] Checked if tokens are valid: true, expires at: 1748807612206
[debug] [2025-06-01T19:20:11.786Z] Checked if tokens are valid: true, expires at: 1748807612206
[debug] [2025-06-01T19:20:11.787Z] >>> [apiv2][query] GET https://cloudfunctions.googleapis.com/v2/projects/spectra-2e65a/locations/us-central1/operations/operation-1748805611368-63687893f2e8d-d44737d8-ed5125e8 [none]
[debug] [2025-06-01T19:20:12.592Z] <<< [apiv2][status] GET https://cloudfunctions.googleapis.com/v2/projects/spectra-2e65a/locations/us-central1/operations/operation-1748805611368-63687893f2e8d-d44737d8-ed5125e8 200
[debug] [2025-06-01T19:20:12.592Z] <<< [apiv2][body] GET https://cloudfunctions.googleapis.com/v2/projects/spectra-2e65a/locations/us-central1/operations/operation-1748805611368-63687893f2e8d-d44737d8-ed5125e8 {"name":"projects/spectra-2e65a/locations/us-central1/operations/operation-1748805611368-63687893f2e8d-d44737d8-ed5125e8","metadata":{"@type":"type.googleapis.com/google.cloud.functions.v2.OperationMetadata","createTime":"2025-06-01T19:20:12.376526902Z","target":"projects/spectra-2e65a/locations/us-central1/functions/sendMailOnBooking","verb":"create","cancelRequested":false,"apiVersion":"v2","requestResource":{"@type":"type.googleapis.com/google.cloud.functions.v2.Function","name":"projects/spectra-2e65a/locations/us-central1/functions/sendMailOnBooking","buildConfig":{"runtime":"nodejs18","entryPoint":"sendMailOnBooking","source":{"storageSource":{"bucket":"gcf-v2-sources-1051644534099-us-central1","object":"sendMailOnBooking/function-source.zip","generation":"1748805611630341"}},"environmentVariables":{"GOOGLE_NODE_RUN_SCRIPTS":""},"serviceAccount":"projects/spectra-2e65a/serviceAccounts/1051644534099-compute@developer.gserviceaccount.com","automaticUpdatePolicy":{}},"serviceConfig":{"service":"projects/spectra-2e65a/locations/us-central1/services/sendmailonbooking","timeoutSeconds":60,"environmentVariables":{"FIREBASE_CONFIG":"{\"projectId\":\"spectra-2e65a\",\"storageBucket\":\"spectra-2e65a.firebasestorage.app\"}","GCLOUD_PROJECT":"spectra-2e65a","EVENTARC_CLOUD_EVENT_SOURCE":"projects/spectra-2e65a/locations/us-central1/services/sendMailOnBooking","FUNCTION_SIGNATURE_TYPE":"cloudevent","FUNCTION_TARGET":"sendMailOnBooking","LOG_EXECUTION_ID":"true"},"ingressSettings":"ALLOW_ALL","serviceAccountEmail":"1051644534099-compute@developer.gserviceaccount.com","availableMemory":"256Mi","maxInstanceRequestConcurrency":80,"availableCpu":"1"},"eventTrigger":{"trigger":"projects/spectra-2e65a/locations/nam5/triggers/sendmailonbooking-041191","triggerRegion":"nam5","eventType":"google.cloud.firestore.document.v1.created","eventFilters":[{"attribute":"database","value":"(default)"},{"attribute":"namespace","value":"(default)"},{"attribute":"document","value":"bookings/{bookingId}","operator":"match-path-pattern"}],"serviceAccountEmail":"1051644534099-compute@developer.gserviceaccount.com","retryPolicy":"RETRY_POLICY_DO_NOT_RETRY"},"labels":{"deployment-tool":"cli-firebase","firebase-functions-hash":"285b5c760d81bd4d8e5d4f7023b9b0a4ea8de0b1"},"environment":"GEN_2"},"stages":[{"name":"BUILD","state":"NOT_STARTED","stateMessages":[{"severity":"WARNING","type":"BuildAnalysisWarning","message":"Node.js 18 is no longer supported by the Node.js community as of 30 April, 2025. Runtime nodejs18 is currently deprecated for Cloud Functions. We recommend you to upgrade to the latest version of Node.js as soon as possible."}]},{"name":"SERVICE","state":"NOT_STARTED"},{"name":"TRIGGER","state":"NOT_STARTED"}],"operationType":"CREATE_FUNCTION"},"done":false}
[debug] [2025-06-01T19:20:13.101Z] [create-default-us-central1-sendMailOnBooking] Retrying task index 0
[debug] [2025-06-01T19:20:13.102Z] Checked if tokens are valid: true, expires at: 1748807612206
[debug] [2025-06-01T19:20:13.102Z] Checked if tokens are valid: true, expires at: 1748807612206
[debug] [2025-06-01T19:20:13.102Z] >>> [apiv2][query] GET https://cloudfunctions.googleapis.com/v2/projects/spectra-2e65a/locations/us-central1/operations/operation-1748805611368-63687893f2e8d-d44737d8-ed5125e8 [none]
[debug] [2025-06-01T19:20:13.922Z] <<< [apiv2][status] GET https://cloudfunctions.googleapis.com/v2/projects/spectra-2e65a/locations/us-central1/operations/operation-1748805611368-63687893f2e8d-d44737d8-ed5125e8 200
[debug] [2025-06-01T19:20:13.922Z] <<< [apiv2][body] GET https://cloudfunctions.googleapis.com/v2/projects/spectra-2e65a/locations/us-central1/operations/operation-1748805611368-63687893f2e8d-d44737d8-ed5125e8 {"name":"projects/spectra-2e65a/locations/us-central1/operations/operation-1748805611368-63687893f2e8d-d44737d8-ed5125e8","metadata":{"@type":"type.googleapis.com/google.cloud.functions.v2.OperationMetadata","createTime":"2025-06-01T19:20:12.376526902Z","target":"projects/spectra-2e65a/locations/us-central1/functions/sendMailOnBooking","verb":"create","cancelRequested":false,"apiVersion":"v2","requestResource":{"@type":"type.googleapis.com/google.cloud.functions.v2.Function","name":"projects/spectra-2e65a/locations/us-central1/functions/sendMailOnBooking","buildConfig":{"runtime":"nodejs18","entryPoint":"sendMailOnBooking","source":{"storageSource":{"bucket":"gcf-v2-sources-1051644534099-us-central1","object":"sendMailOnBooking/function-source.zip","generation":"1748805611630341"}},"environmentVariables":{"GOOGLE_NODE_RUN_SCRIPTS":""},"serviceAccount":"projects/spectra-2e65a/serviceAccounts/1051644534099-compute@developer.gserviceaccount.com","automaticUpdatePolicy":{}},"serviceConfig":{"service":"projects/spectra-2e65a/locations/us-central1/services/sendmailonbooking","timeoutSeconds":60,"environmentVariables":{"FIREBASE_CONFIG":"{\"projectId\":\"spectra-2e65a\",\"storageBucket\":\"spectra-2e65a.firebasestorage.app\"}","GCLOUD_PROJECT":"spectra-2e65a","EVENTARC_CLOUD_EVENT_SOURCE":"projects/spectra-2e65a/locations/us-central1/services/sendMailOnBooking","FUNCTION_SIGNATURE_TYPE":"cloudevent","FUNCTION_TARGET":"sendMailOnBooking","LOG_EXECUTION_ID":"true"},"ingressSettings":"ALLOW_ALL","serviceAccountEmail":"1051644534099-compute@developer.gserviceaccount.com","availableMemory":"256Mi","maxInstanceRequestConcurrency":80,"availableCpu":"1"},"eventTrigger":{"trigger":"projects/spectra-2e65a/locations/nam5/triggers/sendmailonbooking-041191","triggerRegion":"nam5","eventType":"google.cloud.firestore.document.v1.created","eventFilters":[{"attribute":"database","value":"(default)"},{"attribute":"namespace","value":"(default)"},{"attribute":"document","value":"bookings/{bookingId}","operator":"match-path-pattern"}],"serviceAccountEmail":"1051644534099-compute@developer.gserviceaccount.com","retryPolicy":"RETRY_POLICY_DO_NOT_RETRY"},"labels":{"deployment-tool":"cli-firebase","firebase-functions-hash":"285b5c760d81bd4d8e5d4f7023b9b0a4ea8de0b1"},"environment":"GEN_2"},"stages":[{"name":"BUILD","message":"Build in progress","state":"IN_PROGRESS","resource":"projects/1051644534099/locations/us-central1/builds/65f545a0-398c-4f47-a946-f4e17c56d444","resourceUri":"https://console.cloud.google.com/cloud-build/builds;region=us-central1/65f545a0-398c-4f47-a946-f4e17c56d444?project=1051644534099"},{"name":"SERVICE","state":"NOT_STARTED"},{"name":"TRIGGER","state":"NOT_STARTED"}],"operationType":"CREATE_FUNCTION","buildName":"projects/1051644534099/locations/us-central1/builds/65f545a0-398c-4f47-a946-f4e17c56d444"},"done":false}
[debug] [2025-06-01T19:20:14.931Z] [create-default-us-central1-sendMailOnBooking] Retrying task index 0
[debug] [2025-06-01T19:20:14.931Z] Checked if tokens are valid: true, expires at: 1748807612206
[debug] [2025-06-01T19:20:14.931Z] Checked if tokens are valid: true, expires at: 1748807612206
[debug] [2025-06-01T19:20:14.932Z] >>> [apiv2][query] GET https://cloudfunctions.googleapis.com/v2/projects/spectra-2e65a/locations/us-central1/operations/operation-1748805611368-63687893f2e8d-d44737d8-ed5125e8 [none]
[debug] [2025-06-01T19:20:15.211Z] <<< [apiv2][status] GET https://cloudfunctions.googleapis.com/v2/projects/spectra-2e65a/locations/us-central1/operations/operation-1748805611368-63687893f2e8d-d44737d8-ed5125e8 200
[debug] [2025-06-01T19:20:15.212Z] <<< [apiv2][body] GET https://cloudfunctions.googleapis.com/v2/projects/spectra-2e65a/locations/us-central1/operations/operation-1748805611368-63687893f2e8d-d44737d8-ed5125e8 {"name":"projects/spectra-2e65a/locations/us-central1/operations/operation-1748805611368-63687893f2e8d-d44737d8-ed5125e8","metadata":{"@type":"type.googleapis.com/google.cloud.functions.v2.OperationMetadata","createTime":"2025-06-01T19:20:12.376526902Z","target":"projects/spectra-2e65a/locations/us-central1/functions/sendMailOnBooking","verb":"create","cancelRequested":false,"apiVersion":"v2","requestResource":{"@type":"type.googleapis.com/google.cloud.functions.v2.Function","name":"projects/spectra-2e65a/locations/us-central1/functions/sendMailOnBooking","buildConfig":{"runtime":"nodejs18","entryPoint":"sendMailOnBooking","source":{"storageSource":{"bucket":"gcf-v2-sources-1051644534099-us-central1","object":"sendMailOnBooking/function-source.zip","generation":"1748805611630341"}},"environmentVariables":{"GOOGLE_NODE_RUN_SCRIPTS":""},"serviceAccount":"projects/spectra-2e65a/serviceAccounts/1051644534099-compute@developer.gserviceaccount.com","automaticUpdatePolicy":{}},"serviceConfig":{"service":"projects/spectra-2e65a/locations/us-central1/services/sendmailonbooking","timeoutSeconds":60,"environmentVariables":{"FIREBASE_CONFIG":"{\"projectId\":\"spectra-2e65a\",\"storageBucket\":\"spectra-2e65a.firebasestorage.app\"}","GCLOUD_PROJECT":"spectra-2e65a","EVENTARC_CLOUD_EVENT_SOURCE":"projects/spectra-2e65a/locations/us-central1/services/sendMailOnBooking","FUNCTION_SIGNATURE_TYPE":"cloudevent","FUNCTION_TARGET":"sendMailOnBooking","LOG_EXECUTION_ID":"true"},"ingressSettings":"ALLOW_ALL","serviceAccountEmail":"1051644534099-compute@developer.gserviceaccount.com","availableMemory":"256Mi","maxInstanceRequestConcurrency":80,"availableCpu":"1"},"eventTrigger":{"trigger":"projects/spectra-2e65a/locations/nam5/triggers/sendmailonbooking-041191","triggerRegion":"nam5","eventType":"google.cloud.firestore.document.v1.created","eventFilters":[{"attribute":"database","value":"(default)"},{"attribute":"namespace","value":"(default)"},{"attribute":"document","value":"bookings/{bookingId}","operator":"match-path-pattern"}],"serviceAccountEmail":"1051644534099-compute@developer.gserviceaccount.com","retryPolicy":"RETRY_POLICY_DO_NOT_RETRY"},"labels":{"deployment-tool":"cli-firebase","firebase-functions-hash":"285b5c760d81bd4d8e5d4f7023b9b0a4ea8de0b1"},"environment":"GEN_2"},"stages":[{"name":"BUILD","message":"Build in progress","state":"IN_PROGRESS","resource":"projects/1051644534099/locations/us-central1/builds/65f545a0-398c-4f47-a946-f4e17c56d444","resourceUri":"https://console.cloud.google.com/cloud-build/builds;region=us-central1/65f545a0-398c-4f47-a946-f4e17c56d444?project=1051644534099"},{"name":"SERVICE","state":"NOT_STARTED"},{"name":"TRIGGER","state":"NOT_STARTED"}],"operationType":"CREATE_FUNCTION","buildName":"projects/1051644534099/locations/us-central1/builds/65f545a0-398c-4f47-a946-f4e17c56d444"},"done":false}
[debug] [2025-06-01T19:20:17.218Z] [create-default-us-central1-sendMailOnBooking] Retrying task index 0
[debug] [2025-06-01T19:20:17.219Z] Checked if tokens are valid: true, expires at: 1748807612206
[debug] [2025-06-01T19:20:17.219Z] Checked if tokens are valid: true, expires at: 1748807612206
[debug] [2025-06-01T19:20:17.219Z] >>> [apiv2][query] GET https://cloudfunctions.googleapis.com/v2/projects/spectra-2e65a/locations/us-central1/operations/operation-1748805611368-63687893f2e8d-d44737d8-ed5125e8 [none]
[debug] [2025-06-01T19:20:18.017Z] <<< [apiv2][status] GET https://cloudfunctions.googleapis.com/v2/projects/spectra-2e65a/locations/us-central1/operations/operation-1748805611368-63687893f2e8d-d44737d8-ed5125e8 200
[debug] [2025-06-01T19:20:18.018Z] <<< [apiv2][body] GET https://cloudfunctions.googleapis.com/v2/projects/spectra-2e65a/locations/us-central1/operations/operation-1748805611368-63687893f2e8d-d44737d8-ed5125e8 {"name":"projects/spectra-2e65a/locations/us-central1/operations/operation-1748805611368-63687893f2e8d-d44737d8-ed5125e8","metadata":{"@type":"type.googleapis.com/google.cloud.functions.v2.OperationMetadata","createTime":"2025-06-01T19:20:12.376526902Z","target":"projects/spectra-2e65a/locations/us-central1/functions/sendMailOnBooking","verb":"create","cancelRequested":false,"apiVersion":"v2","requestResource":{"@type":"type.googleapis.com/google.cloud.functions.v2.Function","name":"projects/spectra-2e65a/locations/us-central1/functions/sendMailOnBooking","buildConfig":{"runtime":"nodejs18","entryPoint":"sendMailOnBooking","source":{"storageSource":{"bucket":"gcf-v2-sources-1051644534099-us-central1","object":"sendMailOnBooking/function-source.zip","generation":"1748805611630341"}},"environmentVariables":{"GOOGLE_NODE_RUN_SCRIPTS":""},"serviceAccount":"projects/spectra-2e65a/serviceAccounts/1051644534099-compute@developer.gserviceaccount.com","automaticUpdatePolicy":{}},"serviceConfig":{"service":"projects/spectra-2e65a/locations/us-central1/services/sendmailonbooking","timeoutSeconds":60,"environmentVariables":{"FIREBASE_CONFIG":"{\"projectId\":\"spectra-2e65a\",\"storageBucket\":\"spectra-2e65a.firebasestorage.app\"}","GCLOUD_PROJECT":"spectra-2e65a","EVENTARC_CLOUD_EVENT_SOURCE":"projects/spectra-2e65a/locations/us-central1/services/sendMailOnBooking","FUNCTION_SIGNATURE_TYPE":"cloudevent","FUNCTION_TARGET":"sendMailOnBooking","LOG_EXECUTION_ID":"true"},"ingressSettings":"ALLOW_ALL","serviceAccountEmail":"1051644534099-compute@developer.gserviceaccount.com","availableMemory":"256Mi","maxInstanceRequestConcurrency":80,"availableCpu":"1"},"eventTrigger":{"trigger":"projects/spectra-2e65a/locations/nam5/triggers/sendmailonbooking-041191","triggerRegion":"nam5","eventType":"google.cloud.firestore.document.v1.created","eventFilters":[{"attribute":"database","value":"(default)"},{"attribute":"namespace","value":"(default)"},{"attribute":"document","value":"bookings/{bookingId}","operator":"match-path-pattern"}],"serviceAccountEmail":"1051644534099-compute@developer.gserviceaccount.com","retryPolicy":"RETRY_POLICY_DO_NOT_RETRY"},"labels":{"deployment-tool":"cli-firebase","firebase-functions-hash":"285b5c760d81bd4d8e5d4f7023b9b0a4ea8de0b1"},"environment":"GEN_2"},"stages":[{"name":"BUILD","message":"Build in progress","state":"IN_PROGRESS","resource":"projects/1051644534099/locations/us-central1/builds/65f545a0-398c-4f47-a946-f4e17c56d444","resourceUri":"https://console.cloud.google.com/cloud-build/builds;region=us-central1/65f545a0-398c-4f47-a946-f4e17c56d444?project=1051644534099"},{"name":"SERVICE","state":"NOT_STARTED"},{"name":"TRIGGER","state":"NOT_STARTED"}],"operationType":"CREATE_FUNCTION","buildName":"projects/1051644534099/locations/us-central1/builds/65f545a0-398c-4f47-a946-f4e17c56d444"},"done":false}
[debug] [2025-06-01T19:20:22.018Z] [create-default-us-central1-sendMailOnBooking] Retrying task index 0
[debug] [2025-06-01T19:20:22.019Z] Checked if tokens are valid: true, expires at: 1748807612206
[debug] [2025-06-01T19:20:22.019Z] Checked if tokens are valid: true, expires at: 1748807612206
[debug] [2025-06-01T19:20:22.019Z] >>> [apiv2][query] GET https://cloudfunctions.googleapis.com/v2/projects/spectra-2e65a/locations/us-central1/operations/operation-1748805611368-63687893f2e8d-d44737d8-ed5125e8 [none]
[debug] [2025-06-01T19:20:22.818Z] <<< [apiv2][status] GET https://cloudfunctions.googleapis.com/v2/projects/spectra-2e65a/locations/us-central1/operations/operation-1748805611368-63687893f2e8d-d44737d8-ed5125e8 200
[debug] [2025-06-01T19:20:22.818Z] <<< [apiv2][body] GET https://cloudfunctions.googleapis.com/v2/projects/spectra-2e65a/locations/us-central1/operations/operation-1748805611368-63687893f2e8d-d44737d8-ed5125e8 {"name":"projects/spectra-2e65a/locations/us-central1/operations/operation-1748805611368-63687893f2e8d-d44737d8-ed5125e8","metadata":{"@type":"type.googleapis.com/google.cloud.functions.v2.OperationMetadata","createTime":"2025-06-01T19:20:12.376526902Z","target":"projects/spectra-2e65a/locations/us-central1/functions/sendMailOnBooking","verb":"create","cancelRequested":false,"apiVersion":"v2","requestResource":{"@type":"type.googleapis.com/google.cloud.functions.v2.Function","name":"projects/spectra-2e65a/locations/us-central1/functions/sendMailOnBooking","buildConfig":{"runtime":"nodejs18","entryPoint":"sendMailOnBooking","source":{"storageSource":{"bucket":"gcf-v2-sources-1051644534099-us-central1","object":"sendMailOnBooking/function-source.zip","generation":"1748805611630341"}},"environmentVariables":{"GOOGLE_NODE_RUN_SCRIPTS":""},"serviceAccount":"projects/spectra-2e65a/serviceAccounts/1051644534099-compute@developer.gserviceaccount.com","automaticUpdatePolicy":{}},"serviceConfig":{"service":"projects/spectra-2e65a/locations/us-central1/services/sendmailonbooking","timeoutSeconds":60,"environmentVariables":{"FIREBASE_CONFIG":"{\"projectId\":\"spectra-2e65a\",\"storageBucket\":\"spectra-2e65a.firebasestorage.app\"}","GCLOUD_PROJECT":"spectra-2e65a","EVENTARC_CLOUD_EVENT_SOURCE":"projects/spectra-2e65a/locations/us-central1/services/sendMailOnBooking","FUNCTION_SIGNATURE_TYPE":"cloudevent","FUNCTION_TARGET":"sendMailOnBooking","LOG_EXECUTION_ID":"true"},"ingressSettings":"ALLOW_ALL","serviceAccountEmail":"1051644534099-compute@developer.gserviceaccount.com","availableMemory":"256Mi","maxInstanceRequestConcurrency":80,"availableCpu":"1"},"eventTrigger":{"trigger":"projects/spectra-2e65a/locations/nam5/triggers/sendmailonbooking-041191","triggerRegion":"nam5","eventType":"google.cloud.firestore.document.v1.created","eventFilters":[{"attribute":"database","value":"(default)"},{"attribute":"namespace","value":"(default)"},{"attribute":"document","value":"bookings/{bookingId}","operator":"match-path-pattern"}],"serviceAccountEmail":"1051644534099-compute@developer.gserviceaccount.com","retryPolicy":"RETRY_POLICY_DO_NOT_RETRY"},"labels":{"deployment-tool":"cli-firebase","firebase-functions-hash":"285b5c760d81bd4d8e5d4f7023b9b0a4ea8de0b1"},"environment":"GEN_2"},"stages":[{"name":"BUILD","message":"Build in progress","state":"IN_PROGRESS","resource":"projects/1051644534099/locations/us-central1/builds/65f545a0-398c-4f47-a946-f4e17c56d444","resourceUri":"https://console.cloud.google.com/cloud-build/builds;region=us-central1/65f545a0-398c-4f47-a946-f4e17c56d444?project=1051644534099"},{"name":"SERVICE","state":"NOT_STARTED"},{"name":"TRIGGER","state":"NOT_STARTED"}],"operationType":"CREATE_FUNCTION","buildName":"projects/1051644534099/locations/us-central1/builds/65f545a0-398c-4f47-a946-f4e17c56d444"},"done":false}
[debug] [2025-06-01T19:20:30.822Z] [create-default-us-central1-sendMailOnBooking] Retrying task index 0
[debug] [2025-06-01T19:20:30.823Z] Checked if tokens are valid: true, expires at: 1748807612206
[debug] [2025-06-01T19:20:30.823Z] Checked if tokens are valid: true, expires at: 1748807612206
[debug] [2025-06-01T19:20:30.823Z] >>> [apiv2][query] GET https://cloudfunctions.googleapis.com/v2/projects/spectra-2e65a/locations/us-central1/operations/operation-1748805611368-63687893f2e8d-d44737d8-ed5125e8 [none]
[debug] [2025-06-01T19:20:31.810Z] <<< [apiv2][status] GET https://cloudfunctions.googleapis.com/v2/projects/spectra-2e65a/locations/us-central1/operations/operation-1748805611368-63687893f2e8d-d44737d8-ed5125e8 200
[debug] [2025-06-01T19:20:31.811Z] <<< [apiv2][body] GET https://cloudfunctions.googleapis.com/v2/projects/spectra-2e65a/locations/us-central1/operations/operation-1748805611368-63687893f2e8d-d44737d8-ed5125e8 {"name":"projects/spectra-2e65a/locations/us-central1/operations/operation-1748805611368-63687893f2e8d-d44737d8-ed5125e8","metadata":{"@type":"type.googleapis.com/google.cloud.functions.v2.OperationMetadata","createTime":"2025-06-01T19:20:12.376526902Z","endTime":"2025-06-01T19:20:30.822720652Z","target":"projects/spectra-2e65a/locations/us-central1/functions/sendMailOnBooking","verb":"create","cancelRequested":false,"apiVersion":"v2","requestResource":{"@type":"type.googleapis.com/google.cloud.functions.v2.Function","name":"projects/spectra-2e65a/locations/us-central1/functions/sendMailOnBooking","buildConfig":{"runtime":"nodejs18","entryPoint":"sendMailOnBooking","source":{"storageSource":{"bucket":"gcf-v2-sources-1051644534099-us-central1","object":"sendMailOnBooking/function-source.zip","generation":"1748805611630341"}},"environmentVariables":{"GOOGLE_NODE_RUN_SCRIPTS":""},"serviceAccount":"projects/spectra-2e65a/serviceAccounts/1051644534099-compute@developer.gserviceaccount.com","automaticUpdatePolicy":{}},"serviceConfig":{"service":"projects/spectra-2e65a/locations/us-central1/services/sendmailonbooking","timeoutSeconds":60,"environmentVariables":{"FIREBASE_CONFIG":"{\"projectId\":\"spectra-2e65a\",\"storageBucket\":\"spectra-2e65a.firebasestorage.app\"}","GCLOUD_PROJECT":"spectra-2e65a","EVENTARC_CLOUD_EVENT_SOURCE":"projects/spectra-2e65a/locations/us-central1/services/sendMailOnBooking","FUNCTION_SIGNATURE_TYPE":"cloudevent","FUNCTION_TARGET":"sendMailOnBooking","LOG_EXECUTION_ID":"true"},"ingressSettings":"ALLOW_ALL","serviceAccountEmail":"1051644534099-compute@developer.gserviceaccount.com","availableMemory":"256Mi","maxInstanceRequestConcurrency":80,"availableCpu":"1"},"eventTrigger":{"trigger":"projects/spectra-2e65a/locations/nam5/triggers/sendmailonbooking-041191","triggerRegion":"nam5","eventType":"google.cloud.firestore.document.v1.created","eventFilters":[{"attribute":"database","value":"(default)"},{"attribute":"namespace","value":"(default)"},{"attribute":"document","value":"bookings/{bookingId}","operator":"match-path-pattern"}],"serviceAccountEmail":"1051644534099-compute@developer.gserviceaccount.com","retryPolicy":"RETRY_POLICY_DO_NOT_RETRY"},"labels":{"deployment-tool":"cli-firebase","firebase-functions-hash":"285b5c760d81bd4d8e5d4f7023b9b0a4ea8de0b1"},"environment":"GEN_2"},"stages":[{"name":"ARTIFACT_REGISTRY","message":"Deleting function artifacts in Artifact Registry","state":"COMPLETE"},{"name":"SERVICE","message":"Deleting Cloud Run service","state":"COMPLETE","resource":"projects/spectra-2e65a/locations/us-central1/services/sendmailonbooking"},{"name":"TRIGGER","message":"Deleting Eventarc trigger","state":"COMPLETE","resource":"projects/spectra-2e65a/locations/nam5/triggers/sendmailonbooking-041191"}],"operationType":"CREATE_FUNCTION"},"done":true,"error":{"code":3,"message":"Build failed with status: FAILURE. Could not build the function due to a missing permission on the build service account. If you didn't revoke that permission explicitly, this could be caused by a change in the organization policies. Please refer to the following documentation for more details and resolution: https://cloud.google.com/functions/docs/troubleshooting#build-service-account\n You can also view the logs at https://console.cloud.google.com/cloud-build/builds;region=us-central1/65f545a0-398c-4f47-a946-f4e17c56d444?project=1051644534099.\n"}}
[debug] [2025-06-01T19:20:31.811Z] Got source token undefined for region us-central1
[error] Build failed with status: FAILURE. Could not build the function due to a missing permission on the build service account. If you didn't revoke that permission explicitly, this could be caused by a change in the organization policies. Please refer to the following documentation for more details and resolution: https://cloud.google.com/functions/docs/troubleshooting#build-service-account
 You can also view the logs at https://console.cloud.google.com/cloud-build/builds;region=us-central1/65f545a0-398c-4f47-a946-f4e17c56d444?project=1051644534099.

[debug] [2025-06-01T19:20:31.814Z] Total Function Deployment time: 21868
[debug] [2025-06-01T19:20:31.814Z] 1 Functions Deployed
[debug] [2025-06-01T19:20:31.814Z] 1 Functions Errored
[debug] [2025-06-01T19:20:31.815Z] 0 Function Deployments Aborted
[debug] [2025-06-01T19:20:31.815Z] Average Function Deployment time: 21867
[info] 
[info] Functions deploy had errors with the following functions:
	sendMailOnBooking(us-central1)
[debug] [2025-06-01T19:20:31.817Z] Checked if tokens are valid: true, expires at: 1748807612206
[debug] [2025-06-01T19:20:31.817Z] Checked if tokens are valid: true, expires at: 1748807612206
[debug] [2025-06-01T19:20:31.817Z] >>> [apiv2][query] GET https://artifactregistry.googleapis.com/v1/projects/spectra-2e65a/locations/us-central1/repositories/gcf-artifacts [none]
[debug] [2025-06-01T19:20:33.055Z] <<< [apiv2][status] GET https://artifactregistry.googleapis.com/v1/projects/spectra-2e65a/locations/us-central1/repositories/gcf-artifacts 200
[debug] [2025-06-01T19:20:33.055Z] <<< [apiv2][body] GET https://artifactregistry.googleapis.com/v1/projects/spectra-2e65a/locations/us-central1/repositories/gcf-artifacts {"name":"projects/spectra-2e65a/locations/us-central1/repositories/gcf-artifacts","format":"DOCKER","description":"This repository is created and used by Cloud Functions for storing function docker images.","labels":{"goog-managed-by":"cloudfunctions"},"createTime":"2025-06-01T19:11:18.283389Z","updateTime":"2025-06-01T19:13:27.133143Z","mode":"STANDARD_REPOSITORY","cleanupPolicies":{"firebase-functions-cleanup":{"id":"firebase-functions-cleanup","action":"DELETE","condition":{"tagState":"ANY","olderThan":"2592000s"}}},"vulnerabilityScanningConfig":{"lastEnableTime":"2025-06-01T19:11:03.118929318Z","enablementState":"SCANNING_DISABLED","enablementStateReason":"API containerscanning.googleapis.com is not enabled."},"satisfiesPzi":true,"registryUri":"us-central1-docker.pkg.dev/spectra-2e65a/gcf-artifacts"}
[debug] [2025-06-01T19:20:33.056Z] Functions deploy failed.
[debug] [2025-06-01T19:20:33.056Z] {
  "endpoint": {
    "id": "sendMailOnBooking",
    "project": "spectra-2e65a",
    "region": "us-central1",
    "entryPoint": "sendMailOnBooking",
    "platform": "gcfv2",
    "runtime": "nodejs18",
    "eventTrigger": {
      "eventType": "google.cloud.firestore.document.v1.created",
      "retry": false,
      "eventFilters": {
        "database": "(default)",
        "namespace": "(default)"
      },
      "eventFilterPathPatterns": {
        "document": "bookings/{bookingId}"
      },
      "region": "nam5"
    },
    "labels": {
      "deployment-tool": "cli-firebase"
    },
    "serviceAccount": null,
    "ingressSettings": null,
    "availableMemoryMb": null,
    "timeoutSeconds": null,
    "maxInstances": null,
    "minInstances": null,
    "concurrency": 80,
    "vpc": null,
    "environmentVariables": {
      "FIREBASE_CONFIG": "{\"projectId\":\"spectra-2e65a\",\"storageBucket\":\"spectra-2e65a.firebasestorage.app\"}",
      "GCLOUD_PROJECT": "spectra-2e65a",
      "EVENTARC_CLOUD_EVENT_SOURCE": "projects/spectra-2e65a/locations/us-central1/services/sendMailOnBooking"
    },
    "codebase": "default",
    "cpu": 1,
    "targetedByOnly": false,
    "hash": "285b5c760d81bd4d8e5d4f7023b9b0a4ea8de0b1"
  },
  "op": "create",
  "original": {
    "name": "FirebaseError",
    "children": [],
    "exit": 1,
    "message": "Build failed with status: FAILURE. Could not build the function due to a missing permission on the build service account. If you didn't revoke that permission explicitly, this could be caused by a change in the organization policies. Please refer to the following documentation for more details and resolution: https://cloud.google.com/functions/docs/troubleshooting#build-service-account\n You can also view the logs at https://console.cloud.google.com/cloud-build/builds;region=us-central1/65f545a0-398c-4f47-a946-f4e17c56d444?project=1051644534099.\n",
    "original": {
      "code": 3,
      "message": "Build failed with status: FAILURE. Could not build the function due to a missing permission on the build service account. If you didn't revoke that permission explicitly, this could be caused by a change in the organization policies. Please refer to the following documentation for more details and resolution: https://cloud.google.com/functions/docs/troubleshooting#build-service-account\n You can also view the logs at https://console.cloud.google.com/cloud-build/builds;region=us-central1/65f545a0-398c-4f47-a946-f4e17c56d444?project=1051644534099.\n"
    },
    "status": 3,
    "code": 3
  }
}
[debug] [2025-06-01T19:20:33.057Z] Error: Failed to create function sendMailOnBooking in region us-central1
    at C:\Users\LENOVO\AppData\Roaming\npm\node_modules\firebase-tools\lib\deploy\functions\release\fabricator.js:294:27
    at process.processTicksAndRejections (node:internal/process/task_queues:95:5)
    at async Fabricator.createV2Function (C:\Users\LENOVO\AppData\Roaming\npm\node_modules\firebase-tools\lib\deploy\functions\release\fabricator.js:278:30)
    at async Fabricator.createEndpoint (C:\Users\LENOVO\AppData\Roaming\npm\node_modules\firebase-tools\lib\deploy\functions\release\fabricator.js:137:13)
    at async handle (C:\Users\LENOVO\AppData\Roaming\npm\node_modules\firebase-tools\lib\deploy\functions\release\fabricator.js:89:17)
[error] 
[error] Error: There was an error deploying functions
